[06Jul2025 00:20:56.142] [Server thread/INFO] [net.minecraft.server.MinecraftServer/]: [Angeltronix7005: Teleported Angeltronix7005 to Ferlein]
[06Jul2025 00:20:56.199] [Server thread/WARN] [net.minecraft.server.level.ServerEntity/]: Fetching packet for removed entity VampbiterEntity['Vampire Biter'/89, l='ServerLevel[world]', x=-109.90, y=45.17, z=-122.57, removed=DISCARDED]
[06Jul2025 00:27:36.105] [Server thread/INFO] [net.minecraft.server.MinecraftServer/]: [Not Secure] <Angeltronix7005> voy a salir al parque a charlar un rato con el gfe
[06Jul2025 00:28:16.801] [Server thread/INFO] [net.minecraft.server.MinecraftServer/]: Unknown or incomplete command, see below for error
[06Jul2025 00:28:16.801] [Server thread/INFO] [net.minecraft.server.MinecraftServer/]: l<--[HERE]
[06Jul2025 00:40:09.096] [Server thread/INFO] [net.minecraft.server.MinecraftServer/]: [Angeltronix7005: Teleported Ferlein to Angeltronix7005]
[06Jul2025 00:41:14.141] [Server thread/INFO] [net.minecraft.server.MinecraftServer/]: Ferlein has completed the challenge [Return to Sender]
[06Jul2025 00:42:48.201] [Server thread/WARN] [net.minecraft.server.level.ServerEntity/]: Fetching packet for removed entity VampbiterEntity['Vampire Biter'/89, l='ServerLevel[world]', x=-109.90, y=45.17, z=-122.57, removed=DISCARDED]
[06Jul2025 00:44:28.901] [Server thread/WARN] [net.minecraft.server.network.ServerGamePacketListenerImpl/]: Ferlein moved wrongly!
[06Jul2025 00:45:52.610] [Server thread/INFO] [net.minecraft.server.MinecraftServer/]: Unknown or incomplete command, see below for error
[06Jul2025 00:45:52.611] [Server thread/INFO] [net.minecraft.server.MinecraftServer/]: l<--[HERE]
[06Jul2025 00:57:04.897] [Server thread/WARN] [net.minecraft.server.level.ServerEntity/]: Fetching packet for removed entity VampbiterEntity['Vampire Biter'/89, l='ServerLevel[world]', x=-109.90, y=45.17, z=-122.57, removed=DISCARDED]
[06Jul2025 00:59:39.695] [Server thread/WARN] [net.minecraft.server.level.ServerEntity/]: Fetching packet for removed entity VampbiterEntity['Vampire Biter'/89, l='ServerLevel[world]', x=-109.90, y=45.17, z=-122.57, removed=DISCARDED]
[06Jul2025 01:00:06.927] [Server thread/WARN] [net.minecraft.server.level.ServerEntity/]: Fetching packet for removed entity VampbiterEntity['Vampire Biter'/89, l='ServerLevel[world]', x=-109.90, y=45.17, z=-122.57, removed=DISCARDED]
[06Jul2025 01:10:58.606] [Server thread/WARN] [net.minecraft.server.level.ServerEntity/]: Fetching packet for removed entity VampbiterEntity['Vampire Biter'/89, l='ServerLevel[world]', x=-109.90, y=45.17, z=-122.57, removed=DISCARDED]
[06Jul2025 01:11:17.101] [Server thread/WARN] [net.minecraft.server.level.ServerEntity/]: Fetching packet for removed entity VampbiterEntity['Vampire Biter'/89, l='ServerLevel[world]', x=-109.90, y=45.17, z=-122.57, removed=DISCARDED]
[06Jul2025 01:14:27.690] [Server thread/WARN] [net.minecraft.server.level.ServerPlayerGameMode/]: Mismatch in destroy block pos: BlockPos{x=498, y=82, z=-242} BlockPos{x=494, y=81, z=-239}
[06Jul2025 01:19:44.447] [Worker-Main-254/INFO] [ModernFix/]: Instantiating Mojang DFU
[06Jul2025 01:21:03.485] [Server thread/WARN] [net.minecraft.server.level.ServerEntity/]: Fetching packet for removed entity VampbiterEntity['Vampire Biter'/89, l='ServerLevel[world]', x=-109.90, y=45.17, z=-122.57, removed=DISCARDED]
[06Jul2025 01:25:21.760] [Server thread/INFO] [net.minecraft.server.network.ServerGamePacketListenerImpl/]: Ferlein lost connection: Disconnected
[06Jul2025 01:25:21.761] [Server thread/INFO] [net.minecraft.server.MinecraftServer/]: Ferlein left the game
[06Jul2025 01:25:21.761] [Server thread/INFO] [net.fexcraft.mod.fsmm.FSMM/]: Unloading account of literal{Ferlein} || 0e6df4b7-2964-3639-a5b2-37df6aae5bc1
[06Jul2025 01:25:21.761] [Server thread/INFO] [com.alrex.parcool.ParCool/]: Limitation of 0e6df4b7-2964-3639-a5b2-37df6aae5bc1 was unloaded
[06Jul2025 01:25:21.777] [Server thread/INFO] [net.minecraft.server.MinecraftServer/]: [Angeltronix7005: Kicked Ferlein: Kicked by an operator]
[06Jul2025 01:25:21.791] [Server thread/WARN] [net.minecraft.network.Connection/]: handleDisconnection() called twice
[06Jul2025 01:25:35.318] [Server thread/INFO] [net.minecraft.server.players.PlayerList/]: Ferlein[/127.59.10.170:41873] logged in with entity id 208237 at (-180.83735378224014, 64.0, -141.02975914437346)
[06Jul2025 01:25:35.337] [Server thread/INFO] [net.minecraft.server.MinecraftServer/]: Ferlein joined the game
[06Jul2025 01:25:35.379] [Server thread/WARN] [net.minecraft.server.level.ServerEntity/]: Fetching packet for removed entity VampbiterEntity['Vampire Biter'/89, l='ServerLevel[world]', x=-109.90, y=45.17, z=-122.57, removed=DISCARDED]
[06Jul2025 01:25:35.420] [Server thread/INFO] [net.fexcraft.mod.fsmm.FSMM/]: Loading account of literal{Ferlein} || 0e6df4b7-2964-3639-a5b2-37df6aae5bc1
[06Jul2025 01:25:35.609] [Server thread/INFO] [com.alrex.parcool.ParCool/]: Limitation of 0e6df4b7-2964-3639-a5b2-37df6aae5bc1 was loaded
[06Jul2025 01:28:59.816] [Server thread/WARN] [net.minecraft.server.level.ServerEntity/]: Fetching packet for removed entity VampbiterEntity['Vampire Biter'/89, l='ServerLevel[world]', x=-109.90, y=45.17, z=-122.57, removed=DISCARDED]
[06Jul2025 01:32:10.337] [Server thread/WARN] [net.minecraft.server.network.ServerGamePacketListenerImpl/]: Ferlein moved wrongly!
[06Jul2025 01:32:17.911] [Server thread/WARN] [net.minecraft.server.network.ServerGamePacketListenerImpl/]: Ferlein moved wrongly!
[06Jul2025 01:32:38.740] [Server thread/WARN] [net.minecraft.server.network.ServerGamePacketListenerImpl/]: Ferlein moved wrongly!
[06Jul2025 01:32:42.582] [Server thread/WARN] [net.minecraft.server.network.ServerGamePacketListenerImpl/]: Ferlein moved wrongly!
[06Jul2025 01:33:26.488] [Server thread/WARN] [net.minecraft.server.network.ServerGamePacketListenerImpl/]: Ferlein moved wrongly!
[06Jul2025 01:33:53.283] [Server thread/WARN] [net.minecraft.server.network.ServerGamePacketListenerImpl/]: Ferlein moved wrongly!
[06Jul2025 01:33:54.874] [Server thread/WARN] [net.minecraft.server.network.ServerGamePacketListenerImpl/]: Ferlein moved wrongly!
[06Jul2025 01:33:56.121] [Server thread/WARN] [net.minecraft.server.network.ServerGamePacketListenerImpl/]: Ferlein moved wrongly!
[06Jul2025 01:34:14.821] [Server thread/INFO] [fastsuite/]: Constructed recipe list for farmersdelight:cutting in 48.95 μs. 0/148 recipes are parallelized.
[06Jul2025 01:50:51.234] [Server thread/WARN] [net.minecraft.server.level.ServerPlayerGameMode/]: Mismatch in destroy block pos: BlockPos{x=-253, y=71, z=-275} BlockPos{x=-252, y=69, z=-276}
[06Jul2025 01:50:51.283] [Server thread/WARN] [net.minecraft.server.level.ServerPlayerGameMode/]: Mismatch in destroy block pos: BlockPos{x=-253, y=71, z=-275} BlockPos{x=-252, y=69, z=-276}
[06Jul2025 01:54:28.189] [Server thread/WARN] [net.minecraft.server.level.ServerPlayerGameMode/]: Mismatch in destroy block pos: BlockPos{x=-257, y=71, z=-248} BlockPos{x=-257, y=69, z=-247}
[06Jul2025 01:54:40.186] [Server thread/WARN] [net.minecraft.server.level.ServerPlayerGameMode/]: Mismatch in destroy block pos: BlockPos{x=-252, y=71, z=-248} BlockPos{x=-252, y=69, z=-248}
[06Jul2025 01:54:40.221] [Server thread/WARN] [net.minecraft.server.level.ServerPlayerGameMode/]: Mismatch in destroy block pos: BlockPos{x=-252, y=71, z=-248} BlockPos{x=-252, y=69, z=-248}
[06Jul2025 02:17:19.510] [Server thread/INFO] [net.minecraft.server.MinecraftServer/]: Unknown or incomplete command, see below for error
[06Jul2025 02:17:19.522] [Server thread/INFO] [net.minecraft.server.MinecraftServer/]: l<--[HERE]
[06Jul2025 02:24:01.535] [Server thread/INFO] [net.minecraft.server.network.ServerGamePacketListenerImpl/]: Angeltronix7005 lost connection: Disconnected
[06Jul2025 02:24:01.536] [Server thread/INFO] [net.minecraft.server.MinecraftServer/]: Angeltronix7005 left the game
[06Jul2025 02:24:01.536] [Server thread/INFO] [net.fexcraft.mod.fsmm.FSMM/]: Unloading account of literal{Angeltronix7005} || 3d0eb397-de0a-3271-9aff-8fc4e429df75
[06Jul2025 02:24:01.537] [Server thread/INFO] [com.alrex.parcool.ParCool/]: Limitation of 3d0eb397-de0a-3271-9aff-8fc4e429df75 was unloaded
[06Jul2025 02:24:07.701] [Server thread/INFO] [net.minecraft.server.MinecraftServer/]: Stopping the server
[06Jul2025 02:24:07.727] [Server thread/INFO] [net.minecraft.server.MinecraftServer/]: Stopping server
[06Jul2025 02:24:07.729] [Server thread/INFO] [net.minecraft.server.MinecraftServer/]: Saving players
[06Jul2025 02:24:07.742] [Server thread/INFO] [net.minecraft.server.MinecraftServer/]: Saving worlds
[06Jul2025 02:24:07.791] [Server thread/INFO] [net.minecraft.server.MinecraftServer/]: Saving chunks for level 'ServerLevel[world]'/minecraft:overworld
[06Jul2025 02:24:07.997] [Server thread/INFO] [net.minecraft.server.MinecraftServer/]: Saving chunks for level 'ServerLevel[world]'/minecraft:the_end
[06Jul2025 02:24:07.999] [Server thread/INFO] [net.minecraft.server.MinecraftServer/]: Saving chunks for level 'ServerLevel[world]'/minecraft:the_nether
[06Jul2025 02:24:08.010] [Server thread/INFO] [net.minecraft.server.MinecraftServer/]: ThreadedAnvilChunkStorage (world): All chunks are saved
[06Jul2025 02:24:08.010] [Server thread/INFO] [net.minecraft.server.MinecraftServer/]: ThreadedAnvilChunkStorage (DIM1): All chunks are saved
[06Jul2025 02:24:08.011] [Server thread/INFO] [net.minecraft.server.MinecraftServer/]: ThreadedAnvilChunkStorage (DIM-1): All chunks are saved
[06Jul2025 02:24:08.011] [Server thread/INFO] [net.minecraft.server.MinecraftServer/]: ThreadedAnvilChunkStorage: All dimensions are saved
[06Jul2025 02:24:08.115] [Server thread/INFO] [journeymap/]: Loading JourneyMap Forge Configs
